
> procurement-platform@0.1.0 build
> next build

Γû▓ Next.js 16.1.6 (Turbopack)
- Environments: .env.local, .env
- Experiments (use with caution):
  Γ¿» cssChunking

  Creating an optimized production build ...
Γ£ô Compiled successfully in 8.5s
  Running TypeScript ...
  Collecting page data using 7 workers ...
[dotenv@17.2.3] injecting env (0) from .env.local -- tip: ≡ƒôí add observability to secrets: https://dotenvx.com/ops
[dotenv@17.2.3] injecting env (0) from .env.local -- tip: ΓÜÖ∩╕Å  override existing env vars with { override: true }
[dotenv@17.2.3] injecting env (0) from .env.local -- tip: ≡ƒöÉ encrypt with Dotenvx: https://dotenvx.com
[dotenv@17.2.3] injecting env (0) from .env.local -- tip: ≡ƒùé∩╕Å backup and recover secrets: https://dotenvx.com/ops
[dotenv@17.2.3] injecting env (0) from .env.local -- tip: ≡ƒ¢á∩╕Å  run anywhere with `dotenvx run -- yourcommand`
[dotenv@17.2.3] injecting env (0) from .env.local -- tip: ≡ƒöÉ prevent building .env in docker: https://dotenvx.com/prebuild
[dotenv@17.2.3] injecting env (0) from .env.local -- tip: ≡ƒæÑ sync secrets across teammates & machines: https://dotenvx.com/ops
[dotenv@17.2.3] injecting env (0) from .env.local -- tip: ΓÜÖ∩╕Å  suppress all logs with { quiet: true }
[dotenv@17.2.3] injecting env (0) from .env.local -- tip: ≡ƒöä add secrets lifecycle management: https://dotenvx.com/ops
[dotenv@17.2.3] injecting env (0) from .env.local -- tip: ΓÜÖ∩╕Å  override existing env vars with { override: true }
[dotenv@17.2.3] injecting env (0) from .env.local -- tip: ≡ƒöÉ prevent building .env in docker: https://dotenvx.com/prebuild
[dotenv@17.2.3] injecting env (0) from .env.local -- tip: ≡ƒöÉ encrypt with Dotenvx: https://dotenvx.com
  Generating static pages using 7 workers (0/25) ...
  Generating static pages using 7 workers (6/25) 
  Generating static pages using 7 workers (12/25) 
  Generating static pages using 7 workers (18/25) 
Γ£ô Generating static pages using 7 workers (25/25) in 377.6ms
  Finalizing page optimization ...

Route (app)
Γöî ╞Æ /
Γö£ ╞Æ /_not-found
Γö£ ╞Æ /admin/agents
Γö£ ╞Æ /admin/analytics
Γö£ ╞Æ /admin/audit
Γö£ ╞Æ /admin/ecosystem
Γö£ ╞Æ /admin/fraud-alerts
Γö£ ╞Æ /admin/import
Γö£ ╞Æ /admin/risk
Γö£ ╞Æ /admin/scenarios
Γö£ ╞Æ /admin/settings
Γö£ ╞Æ /admin/support
Γö£ ╞Æ /admin/telemetry
Γö£ ╞Æ /admin/users
Γö£ ╞Æ /api/auth/[...nextauth]
Γö£ ╞Æ /api/contracts
Γö£ ╞Æ /api/contracts/[id]
Γö£ ╞Æ /api/sap
Γö£ ╞Æ /api/suppliers/[id]/score
Γö£ ╞Æ /contacts
Γö£ ╞Æ /copilot
Γö£ ╞Æ /docs
Γö£ ╞Æ /login
Γö£ ╞Æ /portal
Γö£ ╞Æ /portal/documents
Γö£ ╞Æ /portal/orders
Γö£ ╞Æ /portal/profile
Γö£ ╞Æ /portal/rfqs/[id]
Γö£ ╞Æ /profile
Γö£ ╞Æ /savings
Γö£ ╞Æ /sourcing
Γö£ ╞Æ /sourcing/contracts
Γö£ ╞Æ /sourcing/goods-receipts
Γö£ ╞Æ /sourcing/invoices
Γö£ ╞Æ /sourcing/orders
Γö£ ╞Æ /sourcing/orders/[id]
Γö£ ╞Æ /sourcing/parts
Γö£ ╞Æ /sourcing/requisitions
Γö£ ╞Æ /sourcing/rfqs
Γö£ ╞Æ /sourcing/rfqs/[id]
Γö£ ╞Æ /suppliers
Γö£ ╞Æ /suppliers/[id]
Γö£ ╞Æ /support
Γöö ╞Æ /transactions


╞Æ Proxy (Middleware)

╞Æ  (Dynamic)  server-rendered on demand

